Archive member included to satisfy reference by file (symbol)

C:\Users\vaterlet\Documents\Atmel Studio\7.0\GccApplication1\GccLibrary1\Debug\libEERTOS.a(EERTOS.o)
                              main.o (InitRTOS)
C:\Users\vaterlet\Documents\Atmel Studio\7.0\GccApplication1\GccLibrary1\Debug\libEERTOS.a(EERTOSHAL.o)
                              main.o (RunRTOS)
c:/program files (x86)/atmel/studio/7.0/toolchain/avr8/avr8-gnu-toolchain/bin/../lib/gcc/avr/4.9.2/avr4\libgcc.a(_exit.o)
                              C:/Program Files (x86)/Atmel/Studio/7.0/Packs/atmel/ATmega_DFP/1.0.90/gcc/dev/atmega8/avr4/crtatmega8.o (exit)
c:/program files (x86)/atmel/studio/7.0/toolchain/avr8/avr8-gnu-toolchain/bin/../lib/gcc/avr/4.9.2/avr4\libgcc.a(_clear_bss.o)
                              C:\Users\vaterlet\Documents\Atmel Studio\7.0\GccApplication1\GccLibrary1\Debug\libEERTOS.a(EERTOS.o) (__do_clear_bss)

Discarded input sections

 .data          0x00000000        0x0 C:/Program Files (x86)/Atmel/Studio/7.0/Packs/atmel/ATmega_DFP/1.0.90/gcc/dev/atmega8/avr4/crtatmega8.o
 .bss           0x00000000        0x0 C:/Program Files (x86)/Atmel/Studio/7.0/Packs/atmel/ATmega_DFP/1.0.90/gcc/dev/atmega8/avr4/crtatmega8.o
 .text          0x00000000        0x0 main.o
 .data          0x00000000        0x0 main.o
 .bss           0x00000000        0x0 main.o
 .text          0x00000000        0x0 tasks.o
 .data          0x00000000        0x0 tasks.o
 .bss           0x00000000        0x0 tasks.o
 .text          0x00000000        0x0 C:\Users\vaterlet\Documents\Atmel Studio\7.0\GccApplication1\GccLibrary1\Debug\libEERTOS.a(EERTOS.o)
 .data          0x00000000        0x0 C:\Users\vaterlet\Documents\Atmel Studio\7.0\GccApplication1\GccLibrary1\Debug\libEERTOS.a(EERTOS.o)
 .bss           0x00000000        0x0 C:\Users\vaterlet\Documents\Atmel Studio\7.0\GccApplication1\GccLibrary1\Debug\libEERTOS.a(EERTOS.o)
 .text.TimerService
                0x00000000       0x8a C:\Users\vaterlet\Documents\Atmel Studio\7.0\GccApplication1\GccLibrary1\Debug\libEERTOS.a(EERTOS.o)
 .text          0x00000000        0x0 C:\Users\vaterlet\Documents\Atmel Studio\7.0\GccApplication1\GccLibrary1\Debug\libEERTOS.a(EERTOSHAL.o)
 .data          0x00000000        0x0 C:\Users\vaterlet\Documents\Atmel Studio\7.0\GccApplication1\GccLibrary1\Debug\libEERTOS.a(EERTOSHAL.o)
 .bss           0x00000000        0x0 C:\Users\vaterlet\Documents\Atmel Studio\7.0\GccApplication1\GccLibrary1\Debug\libEERTOS.a(EERTOSHAL.o)
 .text          0x00000000        0x0 c:/program files (x86)/atmel/studio/7.0/toolchain/avr8/avr8-gnu-toolchain/bin/../lib/gcc/avr/4.9.2/avr4\libgcc.a(_exit.o)
 .data          0x00000000        0x0 c:/program files (x86)/atmel/studio/7.0/toolchain/avr8/avr8-gnu-toolchain/bin/../lib/gcc/avr/4.9.2/avr4\libgcc.a(_exit.o)
 .bss           0x00000000        0x0 c:/program files (x86)/atmel/studio/7.0/toolchain/avr8/avr8-gnu-toolchain/bin/../lib/gcc/avr/4.9.2/avr4\libgcc.a(_exit.o)
 .text.libgcc.mul
                0x00000000        0x0 c:/program files (x86)/atmel/studio/7.0/toolchain/avr8/avr8-gnu-toolchain/bin/../lib/gcc/avr/4.9.2/avr4\libgcc.a(_exit.o)
 .text.libgcc.div
                0x00000000        0x0 c:/program files (x86)/atmel/studio/7.0/toolchain/avr8/avr8-gnu-toolchain/bin/../lib/gcc/avr/4.9.2/avr4\libgcc.a(_exit.o)
 .text.libgcc   0x00000000        0x0 c:/program files (x86)/atmel/studio/7.0/toolchain/avr8/avr8-gnu-toolchain/bin/../lib/gcc/avr/4.9.2/avr4\libgcc.a(_exit.o)
 .text.libgcc.prologue
                0x00000000        0x0 c:/program files (x86)/atmel/studio/7.0/toolchain/avr8/avr8-gnu-toolchain/bin/../lib/gcc/avr/4.9.2/avr4\libgcc.a(_exit.o)
 .text.libgcc.builtins
                0x00000000        0x0 c:/program files (x86)/atmel/studio/7.0/toolchain/avr8/avr8-gnu-toolchain/bin/../lib/gcc/avr/4.9.2/avr4\libgcc.a(_exit.o)
 .text.libgcc.fmul
                0x00000000        0x0 c:/program files (x86)/atmel/studio/7.0/toolchain/avr8/avr8-gnu-toolchain/bin/../lib/gcc/avr/4.9.2/avr4\libgcc.a(_exit.o)
 .text.libgcc.fixed
                0x00000000        0x0 c:/program files (x86)/atmel/studio/7.0/toolchain/avr8/avr8-gnu-toolchain/bin/../lib/gcc/avr/4.9.2/avr4\libgcc.a(_exit.o)
 .text          0x00000000        0x0 c:/program files (x86)/atmel/studio/7.0/toolchain/avr8/avr8-gnu-toolchain/bin/../lib/gcc/avr/4.9.2/avr4\libgcc.a(_clear_bss.o)
 .data          0x00000000        0x0 c:/program files (x86)/atmel/studio/7.0/toolchain/avr8/avr8-gnu-toolchain/bin/../lib/gcc/avr/4.9.2/avr4\libgcc.a(_clear_bss.o)
 .bss           0x00000000        0x0 c:/program files (x86)/atmel/studio/7.0/toolchain/avr8/avr8-gnu-toolchain/bin/../lib/gcc/avr/4.9.2/avr4\libgcc.a(_clear_bss.o)
 .text.libgcc.mul
                0x00000000        0x0 c:/program files (x86)/atmel/studio/7.0/toolchain/avr8/avr8-gnu-toolchain/bin/../lib/gcc/avr/4.9.2/avr4\libgcc.a(_clear_bss.o)
 .text.libgcc.div
                0x00000000        0x0 c:/program files (x86)/atmel/studio/7.0/toolchain/avr8/avr8-gnu-toolchain/bin/../lib/gcc/avr/4.9.2/avr4\libgcc.a(_clear_bss.o)
 .text.libgcc   0x00000000        0x0 c:/program files (x86)/atmel/studio/7.0/toolchain/avr8/avr8-gnu-toolchain/bin/../lib/gcc/avr/4.9.2/avr4\libgcc.a(_clear_bss.o)
 .text.libgcc.prologue
                0x00000000        0x0 c:/program files (x86)/atmel/studio/7.0/toolchain/avr8/avr8-gnu-toolchain/bin/../lib/gcc/avr/4.9.2/avr4\libgcc.a(_clear_bss.o)
 .text.libgcc.builtins
                0x00000000        0x0 c:/program files (x86)/atmel/studio/7.0/toolchain/avr8/avr8-gnu-toolchain/bin/../lib/gcc/avr/4.9.2/avr4\libgcc.a(_clear_bss.o)
 .text.libgcc.fmul
                0x00000000        0x0 c:/program files (x86)/atmel/studio/7.0/toolchain/avr8/avr8-gnu-toolchain/bin/../lib/gcc/avr/4.9.2/avr4\libgcc.a(_clear_bss.o)
 .text.libgcc.fixed
                0x00000000        0x0 c:/program files (x86)/atmel/studio/7.0/toolchain/avr8/avr8-gnu-toolchain/bin/../lib/gcc/avr/4.9.2/avr4\libgcc.a(_clear_bss.o)

Memory Configuration

Name             Origin             Length             Attributes
text             0x00000000         0x00002000         xr
data             0x00800060         0x0000ffa0         rw !x
eeprom           0x00810000         0x00010000         rw !x
fuse             0x00820000         0x00000400         rw !x
lock             0x00830000         0x00000400         rw !x
signature        0x00840000         0x00000400         rw !x
user_signatures  0x00850000         0x00000400         rw !x
*default*        0x00000000         0xffffffff

Linker script and memory map

LOAD C:/Program Files (x86)/Atmel/Studio/7.0/Packs/atmel/ATmega_DFP/1.0.90/gcc/dev/atmega8/avr4/crtatmega8.o
LOAD main.o
LOAD tasks.o
START GROUP
LOAD c:/program files (x86)/atmel/studio/7.0/toolchain/avr8/avr8-gnu-toolchain/bin/../lib/gcc/avr/4.9.2/../../../../avr/lib/avr4\libm.a
LOAD C:\Users\vaterlet\Documents\Atmel Studio\7.0\GccApplication1\GccLibrary1\Debug\libEERTOS.a
END GROUP
START GROUP
LOAD c:/program files (x86)/atmel/studio/7.0/toolchain/avr8/avr8-gnu-toolchain/bin/../lib/gcc/avr/4.9.2/avr4\libgcc.a
LOAD c:/program files (x86)/atmel/studio/7.0/toolchain/avr8/avr8-gnu-toolchain/bin/../lib/gcc/avr/4.9.2/../../../../avr/lib/avr4\libm.a
LOAD c:/program files (x86)/atmel/studio/7.0/toolchain/avr8/avr8-gnu-toolchain/bin/../lib/gcc/avr/4.9.2/../../../../avr/lib/avr4\libc.a
LOAD C:/Program Files (x86)/Atmel/Studio/7.0/Packs/atmel/ATmega_DFP/1.0.90/gcc/dev/atmega8/avr4\libatmega8.a
END GROUP

.hash
 *(.hash)

.dynsym
 *(.dynsym)

.dynstr
 *(.dynstr)

.gnu.version
 *(.gnu.version)

.gnu.version_d
 *(.gnu.version_d)

.gnu.version_r
 *(.gnu.version_r)

.rel.init
 *(.rel.init)

.rela.init
 *(.rela.init)

.rel.text
 *(.rel.text)
 *(.rel.text.*)
 *(.rel.gnu.linkonce.t*)

.rela.text
 *(.rela.text)
 *(.rela.text.*)
 *(.rela.gnu.linkonce.t*)

.rel.fini
 *(.rel.fini)

.rela.fini
 *(.rela.fini)

.rel.rodata
 *(.rel.rodata)
 *(.rel.rodata.*)
 *(.rel.gnu.linkonce.r*)

.rela.rodata
 *(.rela.rodata)
 *(.rela.rodata.*)
 *(.rela.gnu.linkonce.r*)

.rel.data
 *(.rel.data)
 *(.rel.data.*)
 *(.rel.gnu.linkonce.d*)

.rela.data
 *(.rela.data)
 *(.rela.data.*)
 *(.rela.gnu.linkonce.d*)

.rel.ctors
 *(.rel.ctors)

.rela.ctors
 *(.rela.ctors)

.rel.dtors
 *(.rel.dtors)

.rela.dtors
 *(.rela.dtors)

.rel.got
 *(.rel.got)

.rela.got
 *(.rela.got)

.rel.bss
 *(.rel.bss)

.rela.bss
 *(.rela.bss)

.rel.plt
 *(.rel.plt)

.rela.plt
 *(.rela.plt)

.text           0x00000000      0x334
 *(.vectors)
 .vectors       0x00000000       0x26 C:/Program Files (x86)/Atmel/Studio/7.0/Packs/atmel/ATmega_DFP/1.0.90/gcc/dev/atmega8/avr4/crtatmega8.o
                0x00000000                __vector_default
                0x00000000                __vectors
 *(.vectors)
 *(.progmem.gcc*)
                0x00000026                . = ALIGN (0x2)
                0x00000026                __trampolines_start = .
 *(.trampolines)
 .trampolines   0x00000026        0x0 linker stubs
 *(.trampolines*)
                0x00000026                __trampolines_end = .
 *(.progmem*)
                0x00000026                . = ALIGN (0x2)
 *(.jumptables)
 *(.jumptables*)
 *(.lowtext)
 *(.lowtext*)
                0x00000026                __ctors_start = .
 *(.ctors)
                0x00000026                __ctors_end = .
                0x00000026                __dtors_start = .
 *(.dtors)
                0x00000026                __dtors_end = .
 SORT(*)(.ctors)
 SORT(*)(.dtors)
 *(.init0)
 .init0         0x00000026        0x0 C:/Program Files (x86)/Atmel/Studio/7.0/Packs/atmel/ATmega_DFP/1.0.90/gcc/dev/atmega8/avr4/crtatmega8.o
                0x00000026                __init
 *(.init0)
 *(.init1)
 *(.init1)
 *(.init2)
 .init2         0x00000026        0xc C:/Program Files (x86)/Atmel/Studio/7.0/Packs/atmel/ATmega_DFP/1.0.90/gcc/dev/atmega8/avr4/crtatmega8.o
 *(.init2)
 *(.init3)
 *(.init3)
 *(.init4)
 .init4         0x00000032       0x10 c:/program files (x86)/atmel/studio/7.0/toolchain/avr8/avr8-gnu-toolchain/bin/../lib/gcc/avr/4.9.2/avr4\libgcc.a(_clear_bss.o)
                0x00000032                __do_clear_bss
 *(.init4)
 *(.init5)
 *(.init5)
 *(.init6)
 *(.init6)
 *(.init7)
 *(.init7)
 *(.init8)
 *(.init8)
 *(.init9)
 .init9         0x00000042        0x4 C:/Program Files (x86)/Atmel/Studio/7.0/Packs/atmel/ATmega_DFP/1.0.90/gcc/dev/atmega8/avr4/crtatmega8.o
 *(.init9)
 *(.text)
 .text          0x00000046        0x2 C:/Program Files (x86)/Atmel/Studio/7.0/Packs/atmel/ATmega_DFP/1.0.90/gcc/dev/atmega8/avr4/crtatmega8.o
                0x00000046                __vector_1
                0x00000046                __vector_12
                0x00000046                __bad_interrupt
                0x00000046                __vector_6
                0x00000046                __vector_11
                0x00000046                __vector_13
                0x00000046                __vector_17
                0x00000046                __vector_7
                0x00000046                __vector_5
                0x00000046                __vector_4
                0x00000046                __vector_9
                0x00000046                __vector_2
                0x00000046                __vector_15
                0x00000046                __vector_8
                0x00000046                __vector_14
                0x00000046                __vector_10
                0x00000046                __vector_16
                0x00000046                __vector_18
                0x00000048                . = ALIGN (0x2)
 *(.text.*)
 .text.main     0x00000048       0x20 main.o
                0x00000048                main
 .text.TaskLedOn
                0x00000068       0x10 tasks.o
                0x00000068                TaskLedOn
 .text.Idle     0x00000078        0x2 C:\Users\vaterlet\Documents\Atmel Studio\7.0\GccApplication1\GccLibrary1\Debug\libEERTOS.a(EERTOS.o)
                0x00000078                Idle
 .text.InitRTOS
                0x0000007a       0x46 C:\Users\vaterlet\Documents\Atmel Studio\7.0\GccApplication1\GccLibrary1\Debug\libEERTOS.a(EERTOS.o)
                0x0000007a                InitRTOS
 .text.SetTask  0x000000c0       0x50 C:\Users\vaterlet\Documents\Atmel Studio\7.0\GccApplication1\GccLibrary1\Debug\libEERTOS.a(EERTOS.o)
                0x000000c0                SetTask
 .text.__vector_3
                0x00000110       0xcc C:\Users\vaterlet\Documents\Atmel Studio\7.0\GccApplication1\GccLibrary1\Debug\libEERTOS.a(EERTOS.o)
                0x00000110                __vector_3
 .text.SetTimerTask
                0x000001dc       0xe8 C:\Users\vaterlet\Documents\Atmel Studio\7.0\GccApplication1\GccLibrary1\Debug\libEERTOS.a(EERTOS.o)
                0x000001dc                SetTimerTask
 .text.TaskManager
                0x000002c4       0x5a C:\Users\vaterlet\Documents\Atmel Studio\7.0\GccApplication1\GccLibrary1\Debug\libEERTOS.a(EERTOS.o)
                0x000002c4                TaskManager
 .text.RunRTOS  0x0000031e       0x12 C:\Users\vaterlet\Documents\Atmel Studio\7.0\GccApplication1\GccLibrary1\Debug\libEERTOS.a(EERTOSHAL.o)
                0x0000031e                RunRTOS
                0x00000330                . = ALIGN (0x2)
 *(.fini9)
 .fini9         0x00000330        0x0 c:/program files (x86)/atmel/studio/7.0/toolchain/avr8/avr8-gnu-toolchain/bin/../lib/gcc/avr/4.9.2/avr4\libgcc.a(_exit.o)
                0x00000330                _exit
                0x00000330                exit
 *(.fini9)
 *(.fini8)
 *(.fini8)
 *(.fini7)
 *(.fini7)
 *(.fini6)
 *(.fini6)
 *(.fini5)
 *(.fini5)
 *(.fini4)
 *(.fini4)
 *(.fini3)
 *(.fini3)
 *(.fini2)
 *(.fini2)
 *(.fini1)
 *(.fini1)
 *(.fini0)
 .fini0         0x00000330        0x4 c:/program files (x86)/atmel/studio/7.0/toolchain/avr8/avr8-gnu-toolchain/bin/../lib/gcc/avr/4.9.2/avr4\libgcc.a(_exit.o)
 *(.fini0)
                0x00000334                _etext = .

.data           0x00800060        0x0 load address 0x00000334
                0x00800060                PROVIDE (__data_start, .)
 *(.data)
 *(.data*)
 *(.rodata)
 *(.rodata*)
 *(.gnu.linkonce.d*)
                0x00800060                . = ALIGN (0x2)
                0x00800060                _edata = .
                0x00800060                PROVIDE (__data_end, .)

.bss            0x00800060       0x6a
                0x00800060                PROVIDE (__bss_start, .)
 *(.bss)
 *(.bss*)
 .bss.MainTimer
                0x00800060       0x40 C:\Users\vaterlet\Documents\Atmel Studio\7.0\GccApplication1\GccLibrary1\Debug\libEERTOS.a(EERTOS.o)
 .bss.TaskQueue
                0x008000a0       0x2a C:\Users\vaterlet\Documents\Atmel Studio\7.0\GccApplication1\GccLibrary1\Debug\libEERTOS.a(EERTOS.o)
 *(COMMON)
                0x008000ca                PROVIDE (__bss_end, .)
                0x00000334                __data_load_start = LOADADDR (.data)
                0x00000334                __data_load_end = (__data_load_start + SIZEOF (.data))

.noinit         0x008000ca        0x0
                0x008000ca                PROVIDE (__noinit_start, .)
 *(.noinit*)
                0x008000ca                PROVIDE (__noinit_end, .)
                0x008000ca                _end = .
                0x008000ca                PROVIDE (__heap_start, .)

.eeprom         0x00810000        0x0
 *(.eeprom*)
                0x00810000                __eeprom_end = .

.fuse
 *(.fuse)
 *(.lfuse)
 *(.hfuse)
 *(.efuse)

.lock
 *(.lock*)

.signature
 *(.signature*)

.user_signatures
 *(.user_signatures*)

.stab
 *(.stab)

.stabstr
 *(.stabstr)

.stab.excl
 *(.stab.excl)

.stab.exclstr
 *(.stab.exclstr)

.stab.index
 *(.stab.index)

.stab.indexstr
 *(.stab.indexstr)

.comment        0x00000000       0x30
 *(.comment)
 .comment       0x00000000       0x30 main.o
                                 0x31 (size before relaxing)
 .comment       0x00000030       0x31 tasks.o
 .comment       0x00000030       0x31 C:\Users\vaterlet\Documents\Atmel Studio\7.0\GccApplication1\GccLibrary1\Debug\libEERTOS.a(EERTOS.o)
 .comment       0x00000030       0x31 C:\Users\vaterlet\Documents\Atmel Studio\7.0\GccApplication1\GccLibrary1\Debug\libEERTOS.a(EERTOSHAL.o)

.note.gnu.avr.deviceinfo
                0x00000000       0x3c
 .note.gnu.avr.deviceinfo
                0x00000000       0x3c C:/Program Files (x86)/Atmel/Studio/7.0/Packs/atmel/ATmega_DFP/1.0.90/gcc/dev/atmega8/avr4/crtatmega8.o

.note.gnu.build-id
 *(.note.gnu.build-id)

.debug
 *(.debug)

.line
 *(.line)

.debug_srcinfo
 *(.debug_srcinfo)

.debug_sfnames
 *(.debug_sfnames)

.debug_aranges  0x00000000       0xb0
 *(.debug_aranges)
 .debug_aranges
                0x00000000       0x20 main.o
 .debug_aranges
                0x00000020       0x20 tasks.o
 .debug_aranges
                0x00000040       0x50 C:\Users\vaterlet\Documents\Atmel Studio\7.0\GccApplication1\GccLibrary1\Debug\libEERTOS.a(EERTOS.o)
 .debug_aranges
                0x00000090       0x20 C:\Users\vaterlet\Documents\Atmel Studio\7.0\GccApplication1\GccLibrary1\Debug\libEERTOS.a(EERTOSHAL.o)

.debug_pubnames
 *(.debug_pubnames)

.debug_info     0x00000000      0x544
 *(.debug_info .gnu.linkonce.wi.*)
 .debug_info    0x00000000      0x13a main.o
 .debug_info    0x0000013a       0xdd tasks.o
 .debug_info    0x00000217      0x2a3 C:\Users\vaterlet\Documents\Atmel Studio\7.0\GccApplication1\GccLibrary1\Debug\libEERTOS.a(EERTOS.o)
 .debug_info    0x000004ba       0x8a C:\Users\vaterlet\Documents\Atmel Studio\7.0\GccApplication1\GccLibrary1\Debug\libEERTOS.a(EERTOSHAL.o)

.debug_abbrev   0x00000000      0x344
 *(.debug_abbrev)
 .debug_abbrev  0x00000000       0xda main.o
 .debug_abbrev  0x000000da       0x92 tasks.o
 .debug_abbrev  0x0000016c      0x187 C:\Users\vaterlet\Documents\Atmel Studio\7.0\GccApplication1\GccLibrary1\Debug\libEERTOS.a(EERTOS.o)
 .debug_abbrev  0x000002f3       0x51 C:\Users\vaterlet\Documents\Atmel Studio\7.0\GccApplication1\GccLibrary1\Debug\libEERTOS.a(EERTOSHAL.o)

.debug_line     0x00000000      0x3c7
 *(.debug_line .debug_line.* .debug_line_end)
 .debug_line    0x00000000      0x126 main.o
 .debug_line    0x00000126       0xa9 tasks.o
 .debug_line    0x000001cf      0x156 C:\Users\vaterlet\Documents\Atmel Studio\7.0\GccApplication1\GccLibrary1\Debug\libEERTOS.a(EERTOS.o)
 .debug_line    0x00000325       0xa2 C:\Users\vaterlet\Documents\Atmel Studio\7.0\GccApplication1\GccLibrary1\Debug\libEERTOS.a(EERTOSHAL.o)

.debug_frame    0x00000000      0x180
 *(.debug_frame)
 .debug_frame   0x00000000       0x24 main.o
 .debug_frame   0x00000024       0x24 tasks.o
 .debug_frame   0x00000048      0x114 C:\Users\vaterlet\Documents\Atmel Studio\7.0\GccApplication1\GccLibrary1\Debug\libEERTOS.a(EERTOS.o)
 .debug_frame   0x0000015c       0x24 C:\Users\vaterlet\Documents\Atmel Studio\7.0\GccApplication1\GccLibrary1\Debug\libEERTOS.a(EERTOSHAL.o)

.debug_str      0x00000000      0x27d
 *(.debug_str)
 .debug_str     0x00000000      0x18c main.o
                                0x1c0 (size before relaxing)
 .debug_str     0x0000018c       0x24 tasks.o
                                0x19d (size before relaxing)
 .debug_str     0x000001b0       0xbc C:\Users\vaterlet\Documents\Atmel Studio\7.0\GccApplication1\GccLibrary1\Debug\libEERTOS.a(EERTOS.o)
                                0x205 (size before relaxing)
 .debug_str     0x0000026c       0x11 C:\Users\vaterlet\Documents\Atmel Studio\7.0\GccApplication1\GccLibrary1\Debug\libEERTOS.a(EERTOSHAL.o)
                                0x185 (size before relaxing)

.debug_loc      0x00000000      0x412
 *(.debug_loc)
 .debug_loc     0x00000000      0x412 C:\Users\vaterlet\Documents\Atmel Studio\7.0\GccApplication1\GccLibrary1\Debug\libEERTOS.a(EERTOS.o)

.debug_macinfo
 *(.debug_macinfo)

.debug_weaknames
 *(.debug_weaknames)

.debug_funcnames
 *(.debug_funcnames)

.debug_typenames
 *(.debug_typenames)

.debug_varnames
 *(.debug_varnames)

.debug_pubtypes
 *(.debug_pubtypes)

.debug_ranges   0x00000000       0x70
 *(.debug_ranges)
 .debug_ranges  0x00000000       0x10 main.o
 .debug_ranges  0x00000010       0x10 tasks.o
 .debug_ranges  0x00000020       0x40 C:\Users\vaterlet\Documents\Atmel Studio\7.0\GccApplication1\GccLibrary1\Debug\libEERTOS.a(EERTOS.o)
 .debug_ranges  0x00000060       0x10 C:\Users\vaterlet\Documents\Atmel Studio\7.0\GccApplication1\GccLibrary1\Debug\libEERTOS.a(EERTOSHAL.o)

.debug_macro
 *(.debug_macro)
OUTPUT(GccApplication1.elf elf32-avr)
LOAD linker stubs
